{"timestamp": "2025-11-10 17:12:22", "user": "anonymous", "url": "http://secure-bank.tk/account/verify", "risk_score": 0.7, "decision": "BLOCK", "inspection_reason": "ML+Heuristic score (ML=0.70, heuristics=0.30)", "policy_reason": "Unauthenticated user \u2014 Zero-Trust requires identity verification"}
{"timestamp": "2025-11-10 17:12:40", "user": "anonymous", "url": "www.google.com", "risk_score": 0.09, "decision": "BLOCK", "inspection_reason": "ML+Heuristic score (ML=0.09, heuristics=0.00)", "policy_reason": "Unauthenticated user \u2014 Zero-Trust requires identity verification"}
{"timestamp": "2025-11-10 17:13:36", "user": "anonymous", "url": "https://www.google.com", "risk_score": 0.21, "decision": "BLOCK", "inspection_reason": "ML+Heuristic score (ML=0.21, heuristics=0.00)", "policy_reason": "Unauthenticated user \u2014 Zero-Trust requires identity verification"}
{"timestamp": "2025-11-10 17:15:09", "user": "anonymous", "url": "https://www.google.com", "risk_score": 0.21, "decision": "BLOCK", "inspection_reason": "ML+Heuristic score (ML=0.21, heuristics=0.00)", "policy_reason": "Unauthenticated user \u2014 Zero-Trust requires identity verification"}
{"timestamp": "2025-11-10 17:15:50", "user": "anonymous", "url": "https://www.google.com", "risk_score": 0.21, "decision": "BLOCK", "inspection_reason": "ML+Heuristic score (ML=0.21, heuristics=0.00)", "policy_reason": "Unauthenticated user \u2014 Zero-Trust requires identity verification"}
{"timestamp": "2025-11-10 17:16:37", "user": "aniket", "url": "https://www.google.com", "risk_score": 0.21, "decision": "ALLOW", "inspection_reason": "ML+Heuristic score (ML=0.21, heuristics=0.00)", "policy_reason": "Risk low (0.21) \u2014 access permitted"}
{"timestamp": "2025-12-19 10:10:22", "user": "", "url": "https://www.google.com", "risk_score": 0.21, "decision": "REVIEW", "inspection_reason": "ML+Heuristic score (ML=0.21, heuristics=0.00)", "policy_reason": "Device not compliant; review required"}
{"timestamp": "2025-12-19 10:10:22", "user": "", "url": "https://www.google.com", "risk_score": 0.21, "decision": "REVIEW", "inspection_reason": "ML+Heuristic score (ML=0.21, heuristics=0.00)", "policy_reason": "Device not compliant; review required"}
{"timestamp": "2025-12-19 10:10:41", "user": "", "url": "https://www.youtube.com", "risk_score": 0.37, "decision": "BLOCK", "inspection_reason": "ML+Heuristic score (ML=0.37, heuristics=0.00)", "policy_reason": "Unverified device and elevated risk"}
{"timestamp": "2025-12-19 10:10:41", "user": "", "url": "https://www.youtube.com", "risk_score": 0.37, "decision": "BLOCK", "inspection_reason": "ML+Heuristic score (ML=0.37, heuristics=0.00)", "policy_reason": "Unverified device and elevated risk"}
{"timestamp": "2025-12-19 10:10:54", "user": "aniket", "url": "https://www.youtube.com", "risk_score": 0.37, "decision": "BLOCK", "inspection_reason": "ML+Heuristic score (ML=0.37, heuristics=0.00)", "policy_reason": "Unverified device and elevated risk"}
{"timestamp": "2025-12-19 10:10:54", "user": "aniket", "url": "https://www.youtube.com", "risk_score": 0.37, "decision": "BLOCK", "inspection_reason": "ML+Heuristic score (ML=0.37, heuristics=0.00)", "policy_reason": "Unverified device and elevated risk"}
{"timestamp": "2025-12-19 10:11:02", "user": "aniket", "url": "https://www.youtube.com", "risk_score": 0.37, "decision": "ALLOW", "inspection_reason": "ML+Heuristic score (ML=0.37, heuristics=0.00)", "policy_reason": "Risk low (0.37) \u2014 access permitted"}
{"timestamp": "2025-12-19 10:11:02", "user": "aniket", "url": "https://www.youtube.com", "risk_score": 0.37, "decision": "ALLOW", "inspection_reason": "ML+Heuristic score (ML=0.37, heuristics=0.00)", "policy_reason": "Risk low (0.37) \u2014 access permitted"}
{"timestamp": "2025-12-19 10:16:54", "user": "", "url": "http://secure-bank.tk/login", "risk_score": 0.67, "decision": "BLOCK", "inspection_reason": "ML+Heuristic score (ML=0.67, heuristics=0.30)", "policy_reason": "Unverified device and elevated risk"}
{"timestamp": "2025-12-19 10:16:54", "user": "", "url": "http://secure-bank.tk/login", "risk_score": 0.67, "decision": "BLOCK", "inspection_reason": "ML+Heuristic score (ML=0.67, heuristics=0.30)", "policy_reason": "Unverified device and elevated risk"}
{"timestamp": "2025-12-19 10:17:42", "user": "aniket", "url": "http://secure-bank.tk/login", "risk_score": 0.67, "decision": "REVIEW", "inspection_reason": "ML+Heuristic score (ML=0.67, heuristics=0.30)", "policy_reason": "Medium risk (0.67) \u2014 manual review needed"}
{"timestamp": "2025-12-19 10:17:42", "user": "aniket", "url": "http://secure-bank.tk/login", "risk_score": 0.67, "decision": "REVIEW", "inspection_reason": "ML+Heuristic score (ML=0.67, heuristics=0.30)", "policy_reason": "Medium risk (0.67) \u2014 manual review needed"}
{"timestamp": "2025-12-19 10:32:36", "user": "", "url": "http://exam.msrit.edu", "risk_score": 0.23, "decision": "ALLOW", "inspection_reason": "ML+Heuristic score (ML=0.23, heuristics=0.00)", "policy_reason": "Risk within acceptable bounds | AdjustedRisk=0.11 | Threshold=0.60 (Normal operating mode) | Trust=52.00"}
{"timestamp": "2025-12-19 10:32:37", "user": "", "url": "http://exam.msrit.edu", "risk_score": 0.23, "decision": "ALLOW", "inspection_reason": "ML+Heuristic score (ML=0.23, heuristics=0.00)", "policy_reason": "Risk within acceptable bounds | AdjustedRisk=0.11 | Threshold=0.60 (Normal operating mode) | Trust=54.00"}
{"timestamp": "2025-12-19 10:32:42", "user": "", "url": "http://exam.msrit.edu", "risk_score": 0.23, "decision": "ALLOW", "inspection_reason": "ML+Heuristic score (ML=0.23, heuristics=0.00)", "policy_reason": "Risk within acceptable bounds | AdjustedRisk=0.10 | Threshold=0.60 (Normal operating mode) | Trust=56.00"}
{"timestamp": "2025-12-19 10:32:42", "user": "", "url": "http://exam.msrit.edu", "risk_score": 0.23, "decision": "ALLOW", "inspection_reason": "ML+Heuristic score (ML=0.23, heuristics=0.00)", "policy_reason": "Risk within acceptable bounds | AdjustedRisk=0.10 | Threshold=0.60 (Normal operating mode) | Trust=58.00"}
{"timestamp": "2025-12-19 10:32:57", "user": "", "url": "http://secure-bank.tk/login", "risk_score": 0.67, "decision": "ALLOW", "inspection_reason": "ML+Heuristic score (ML=0.67, heuristics=0.30)", "policy_reason": "Risk within acceptable bounds | AdjustedRisk=0.28 | Threshold=0.60 (Normal operating mode) | Trust=60.00"}
{"timestamp": "2025-12-19 10:32:57", "user": "", "url": "http://secure-bank.tk/login", "risk_score": 0.67, "decision": "ALLOW", "inspection_reason": "ML+Heuristic score (ML=0.67, heuristics=0.30)", "policy_reason": "Risk within acceptable bounds | AdjustedRisk=0.27 | Threshold=0.60 (Normal operating mode) | Trust=62.00"}
{"timestamp": "2025-12-19 10:33:03", "user": "", "url": "http://secure-bank.tk/login", "risk_score": 0.67, "decision": "ALLOW", "inspection_reason": "ML+Heuristic score (ML=0.67, heuristics=0.30)", "policy_reason": "Device posture is unverified; Risk within acceptable bounds | AdjustedRisk=0.25 | Threshold=0.60 (Normal operating mode) | Trust=64.00"}
{"timestamp": "2025-12-19 10:33:03", "user": "", "url": "http://secure-bank.tk/login", "risk_score": 0.67, "decision": "ALLOW", "inspection_reason": "ML+Heuristic score (ML=0.67, heuristics=0.30)", "policy_reason": "Device posture is unverified; Risk within acceptable bounds | AdjustedRisk=0.24 | Threshold=0.60 (Normal operating mode) | Trust=66.00"}
{"timestamp": "2025-12-19 10:36:46", "user": "", "url": "http://secure-bank.tk/login", "risk_score": 0.67, "decision": "BLOCK", "inspection_reason": "ML+Heuristic score (ML=0.67, heuristics=0.30)", "policy_reason": "Risk within acceptable bounds | Hard phishing threshold exceeded | AdjustedRisk=0.23 | Threshold=0.6 (Normal operating mode) | Trust=61.0"}
{"timestamp": "2025-12-19 10:36:46", "user": "", "url": "http://secure-bank.tk/login", "risk_score": 0.67, "decision": "BLOCK", "inspection_reason": "ML+Heuristic score (ML=0.67, heuristics=0.30)", "policy_reason": "Risk within acceptable bounds | Hard phishing threshold exceeded | AdjustedRisk=0.26 | Threshold=0.6 (Normal operating mode) | Trust=56.0"}
{"timestamp": "2025-12-19 10:37:13", "user": "", "url": "https://www.google.com", "risk_score": 0.21, "decision": "ALLOW", "inspection_reason": "ML+Heuristic score (ML=0.21, heuristics=0.00)", "policy_reason": "Risk within acceptable bounds | Risk within acceptable bounds | AdjustedRisk=0.09 | Threshold=0.6 (Normal operating mode) | Trust=58.0"}
{"timestamp": "2025-12-19 10:37:14", "user": "", "url": "https://www.google.com", "risk_score": 0.21, "decision": "ALLOW", "inspection_reason": "ML+Heuristic score (ML=0.21, heuristics=0.00)", "policy_reason": "Risk within acceptable bounds | Risk within acceptable bounds | AdjustedRisk=0.09 | Threshold=0.6 (Normal operating mode) | Trust=60.0"}
